---
source: src/ui/graphs/temperature.rs
expression: output
---
┌ Temperature (F) ─────────────────────────────────────────────────────────────┐
│45  │F                                                           ┌───────────┐│
│    │                                                            │Temperature││
│    │                                                            └───────────┘│
│    │                                                          ⢀⡠⠤⠒⠊⠉         │
│    │                                                     ⣀⡠⠤⠒⠊⠁              │
│    │                                                ⢀⡠⠔⠊⠉                    │
│    │                                          ⣀⡠⠤⠒⠒⠉⠁                        │
│    │                                    ⢀⡠⠤⠒⠊⠉                               │
│38  │                               ⣀⡠⠤⠒⠊⠁                                    │
│    │                         ⣀⠤⠤⠒⠊⠉                                          │
│    │                    ⣀⡠⠤⠒⠉                                                │
│    │              ⢀⡠⠤⠒⠊⠉                                                     │
│    │         ⣀⡠⠤⠒⠊⠁                                                          │
│    │   ⣀⠤⠤⠒⠊⠉                                                                │
│    │⠤⠒⠉                                                                      │
│31  │⡇                  ⡇                  ⡇                 ⢸            Time│
│    └─────────────────────────────────────────────────────────────────────────│
│                                                                              │
└──────────────────────────────────────────────────────────────────────────────┘
