---
source: src/ui/graphs/precipitation.rs
expression: output
---
┌ Precipitation Probability (%) ───────────────────────────────────────────────┐
│100│%                                                        ┌───────────────┐│
│   │                                                         │Precipitation %││
│   │                                                         └───────────────┘│
│   │                                                                          │
│   │                                                                          │
│   │                                                                          │
│   │                                                                          │
│   │                                                                          │
│50 │                                                                          │
│   │                                                                          │
│   │                                                                   █  █  █│
│   │                                                   █  █  █  █  █          │
│   │                                      █  █  █   █                         │
│   │                         █   █  █  █                                      │
│   │          █  █  █  █  █                                                   │
│0  │█  █  █                                                               Time│
│   └──────────────────────────────────────────────────────────────────────────│
│ Mon                           6                12                          18│
└──────────────────────────────────────────────────────────────────────────────┘
