---
source: src/ui/graphs/humidity.rs
expression: output
---
┌ Humidity (%) ────────────────────────────────────────────────────────────────┐
│100│%                                                             ┌──────────┐│
│   │                                                              │Humidity %││
│   │                                                              └──────────┘│
│   │                                                                     ⣀⣀⣀⡠⠤│
│   │                                                  ⣀⣀⣀⠤⠤⠤⠤⠤⠤⠔⠒⠒⠊⠉⠉⠉⠉⠉⠉     │
│   │                           ⢀⣀⣀⣀⣀⣀⣀⠤⠤⠤⠒⠒⠒⠒⠒⠒⠊⠉⠉⠉⠉⠉⠉                        │
│   │        ⢀⣀⣀⡠⠤⠤⠤⠤⠤⠤⠒⠒⠒⠒⠒⠒⠊⠉⠉⠁                                              │
│   │⠒⠒⠉⠉⠉⠉⠉⠉⠁                                                                 │
│50 │                                                                          │
│   │                                                                          │
│   │                                                                          │
│   │                                                                          │
│   │                                                                          │
│   │                                                                          │
│   │                                                                          │
│0  │⡇                  ⡇                  ⢸                  ⢸            Time│
│   └──────────────────────────────────────────────────────────────────────────│
│                                                                              │
└──────────────────────────────────────────────────────────────────────────────┘
