---
source: src/ui/footer.rs
expression: output
---
┌ Status ──────────────────────────────────────────────────────────────────────┐
│Press '/' to search, 'q' to quit                                              │
│                                                                              │
│Updated: Never | q:quit r:refresh /:search                                    │
│                                                                              │
└──────────────────────────────────────────────────────────────────────────────┘
