---
source: src/ui/header.rs
expression: output
---
┌ Current Conditions ──────────────────────────────────────────────────────────┐
│NO LOCATION SELECTED   --°                                                    │
│Loading...                                                                    │
│                                                                              │
│                                                                              │
│                                                                              │
└──────────────────────────────────────────────────────────────────────────────┘
