---
source: src/ui/header.rs
expression: output
---
┌ Current Conditions ──────────────────────────────────────────────────────────┐
│NEW YORK, NY  ⛅  72°F                                                         │
│Feels like 75°F | Wind 10 mph SW | 30.12 in                                   │
│                                                                              │
│                                                                              │
└──────────────────────────────────────────────────────────────────────────────┘
