---
source: src/ui/footer.rs
expression: output
---
┌ Status ──────────────────────────────────────────────────────────────────────┐
│Press '/' to search, 'q' to quit                                              │
│                                                                              │
│Loading...                                                                    │
│                                                                              │
└──────────────────────────────────────────────────────────────────────────────┘
