---
source: src/ui/footer.rs
expression: output
---
┌ Status ──────────────────────────────────────────────────────────────────────┐
│> New York_                                                                   │
│                                                                              │
│Updated: Never | q:quit r:refresh /:search                                    │
│                                                                              │
└──────────────────────────────────────────────────────────────────────────────┘
